Consumer C1 joined group: group-A
[C1] Processed Order -> Partition: 2 | Offset: 0 | Value: YQHHNEBSEPDNSEIFGAMSUJXKOLTXSPLGHDIOYZJFNIDSPWHZMKVJAXDBZFCOXYKYRJOGYKDESSJMOIIOWVKYUAVWJLXSEPPFEILV
[C1] Processed Order -> Partition: 2 | Offset: 1 | Value: BASHCGRHSYGIFSYLVGRXCDVABWWTRQZTMMPBAXGHEPHTASSORYKGVPFGQYJKINSZUJLXQUUDVALUSBFRSXNQHSDFDBAKQZZNTYXF
[C1] Processed Order -> Partition: 2 | Offset: 2 | Value: HYGDPYGNRETYAXIXXYQKMKURDSJYIZNEDAHVIVHCJAPGOBQLHUZTKIWTVFEHVYPNGHIDSERMARFXCPYFEPQMFDOTDPWNKMYRMFIA
[C1] Processed Order -> Partition: 2 | Offset: 3 | Value: BIQAWWOIFIAKNYFEPTPMIXPQAXFEIKUFFXIDHILBPCBTHWDRMALHFNDCRHAYVLLMRCKJIPNPKGWCIWQCHNHSFSCTYSAKSLVZCCAI
[C1] Processed Order -> Partition: 2 | Offset: 4 | Value: EQPLJXYUOEAXPRAZJTORBMPXEHFXWWDCLYKGOMSNWQRLKKSCQTGSULLGFKIMMDGUADVXGLMXQTUSLILYJYYSHHLJZDIESDPJXSCT
[C1] Processed Order -> Partition: 2 | Offset: 5 | Value: ADZFGIDJSDEKDOLVWIGOTDAWKWONSMYUFDTHZMNAUUYIBAGIWIITLRUSQIZZSLHSMEMKRBTTMXTZHVLSDRSAQTCJXGFHEOYOWYOA
[C1] Processed Order -> Partition: 2 | Offset: 6 | Value: VCWFCIOKADNWMXSVJDQCJGDLAPZJYGERVUSGJKJNGDANRLCUXZEXNCPOYEKSTNILYJLHMOMJMAYAJLZZWIKTZUWSFLEWSLKDMKJF
[C1] Processed Order -> Partition: 2 | Offset: 7 | Value: CKLHSNENGJTJCUJBYMAKFQLACJFDAHQJUOVIXSSSANPTDMINEPHFHDROYLWCTQDJUDUMKMRPKZIMZGPMMZHVIEDUHUDZSUZQAEUT
[C1] Processed Order -> Partition: 2 | Offset: 8 | Value: KJHVHJUIMJVMUFRQKAVHWFUCETSPADNVNDAGADVDWEFEINWXNQDGSBRVFIWVFZFYUKJDKRZNCMFQTVIOQEYLLZFJXZJTVOWYVIIQ
[C1] Processed Order -> Partition: 2 | Offset: 9 | Value: OBXKZZRAVVFYDJSJXRKBSHEXWHBXGPXCYPBQMUQPCJEERMCHVYBADQCZUIWZAGXVHWJKTFOEUCDLLMLHVTUXRRCCTEOEVZRAACSR
[C1] Processed Order -> Partition: 2 | Offset: 10 | Value: GJMPYTQAWNVPXCQOTHADQYOHYKBQYAHVAUSOMZFRQZTTLNWPZWQTPQDCMNFCWAGXYKONHXABHBDVIQGCFDCNWSDTYIWNFCGMOTJG
[C1] Processed Order -> Partition: 2 | Offset: 11 | Value: NYFPNXLGGPVXLLHHFOGILLCTVJEPKDNELCBYPBBKYRQSZLQRBLXCLIVFBQTODAWWCXCSTWCDDATHSMRVYMJRFGBPDEECYPNYFVZI
[C1] Processed Order -> Partition: 2 | Offset: 12 | Value: CXGVWQIDMIJOSPDQGNOHKWTVRHJGPNHYRRJJIFAWVYMYFEPRXIFXRJEIZJOAJVALOFXTSIVNZVPUHJFGYBAABXXKYMYVEEKROPOQ
[C1] Processed Order -> Partition: 2 | Offset: 13 | Value: XNVTZZVHAAWRWMZYALCWAAJPQTGIILCBYUAUQTJPTMCSGKQJHJQQFABHQPMZOQIVSJGCVZMRMFILYSCBEALGCHQZAMPMWDMABVGG
[C1] Processed Order -> Partition: 2 | Offset: 14 | Value: XVILTXDOCKNXQACMLHETXXFFAYLPDVKWVUHVZQLZJUUHGZLGTJQDYMEBXWBMETQAHWVKITNDNTJYMWZHIILPQTXZFHWOAXVIHREV
[C1] Processed Order -> Partition: 2 | Offset: 15 | Value: ZOEXSYMOUYSENWWLBISYAPUMDFTHGQEIWCLJHZZEOYWXTUWOXEAWRLIYJSGJEBUNKICGQPZLNEWBZSXDNXERYRXAQKNBOQNKTYTV
[C1] Processed Order -> Partition: 2 | Offset: 16 | Value: VYDLEPDSLNJPLPZXJYRJHEVUCJGJWXHUWYRFBQTQYZANBIHNPJCWKKWSCOOSIANKAYTHABETJOKTEQVQGSVLNHOUZUFMGVGXRFZW
[C1] Processed Order -> Partition: 2 | Offset: 17 | Value: RTETWZJWHKCFTBQDYOSFHLCMHWRCGEHUMQPZPTVWCKIEXDGKBDVHTEVZVFSMAWQLGCLJGGWDHLOGTAOZUUXKABYTWPIHEUOLBUBG
[C1] Processed Order -> Partition: 2 | Offset: 18 | Value: INGRVYPHPMXEENOWDHBEQTMDGTBBUMGPRIKBPTBDDYMCZGSBEZTOQZUJHPJNWYTZRXFRKPGPLNNWOENHCQEILPMDYXLONOOWLEJK
[C1] Processed Order -> Partition: 2 | Offset: 19 | Value: HAJBORYFZPSYRYTFHXMSRFXQARLLRFTTHTYXYHQWSRAINQFSPQISWRGIFLERUTCXMPOKLUKJBMDUVEKUEEHCPRVKTGVAWFPRLQSV
[C1] Processed Order -> Partition: 2 | Offset: 20 | Value: SNGYQKKWTPCAEAMNJKHBDMUQBNMKKILYIROBMHUVYEEWCDOGFNWEGUEVQFWQRMHBZOMQRKVDVVGANXCMPINYCQUAQRYELMMWRPXC
[C1] Processed Order -> Partition: 2 | Offset: 21 | Value: JHZZRAUVTDPNSZUJQVUAODNBHAJJIMKVFILXMGEJTYZJDCIDXHDGIKKGNPVXGYJOLNNQSQMGGGABEUYMBATUUBKUDWZLUKIEUWIM
[C1] Processed Order -> Partition: 2 | Offset: 22 | Value: BAQHIZKEMNQHQTBEBPJWXJEHJVICKYYFFMQWQBBSTXHPUUJQGSHYOXUVYNCSGUKRCUNVBYQXTOYOKPSBKPDFXVZOBMGLPJGYQEQJ
[C1] Processed Order -> Partition: 2 | Offset: 23 | Value: ZIKFZRUOZWSZQEKIJMJIMKNUWFWCAUIQHCWRGMNLXTLHFLHYUCGWKAPSQKRRFAXXUSFDXKOPXFLGPTCCAAUEPNTUAAPJWFJDXJJX
[C1] Processed Order -> Partition: 2 | Offset: 24 | Value: TIZBAWVTSAFIYTSWGMMETYIETHKFZOXWFPBDBFWQAAFOBHCFFXEELWXMKWCUOQFKBVTTLCGGVHRBPBPPMOPCJZNGTMOYSWDKTUEO
[C1] Processed Order -> Partition: 2 | Offset: 25 | Value: PKDXFIYZBWMQEKDDYMYGTSEVUBLXEEOVWLDLHTBLKDCOUCQPBVZXRFZDMLXMAGZOPALUHUHFDKFXOLQXILHTZCSPEICEEIKCFVMW
[C1] Processed Order -> Partition: 2 | Offset: 26 | Value: KWGKZFLFOFMSJKXSFXRGKDDASKIQFCDTKHFBLGDKFXNXDVTFSLHMGRTTZPHTLWGDKCAYVAAAPPNCIQNTQUHDNHXPMSCQQINWRTYU
[C1] Processed Order -> Partition: 2 | Offset: 27 | Value: KCHZZEAVGSWRMHIJIJMXZSFWGCNFZUJLDVIFSKYDCLMCVHZGJOSTCCNXMEICQFWFSVYRDGWPYTQRKPCQNOZMDPNIKVAQMKWEOFHN
[C1] Processed Order -> Partition: 2 | Offset: 28 | Value: GNNFWADORZKUBYSSJARVIPCDIFWXFVAAVWSRZZTXKIXJLOFYVAWVPQLXDLDFYICJXVKUGYDPJNLTLOSMALJFNAAAYBMVXMQOZHST
[C1] Processed Order -> Partition: 2 | Offset: 29 | Value: VVMRXDKVSLZCWFFVBJYOPEWMYYQTGYUFZPADGLDIUPEELDBNZWTQPXRGYMQETQOMMCMCCVFCOXFNIMAIYFPKQIJHYQZYLOGTZNON
[C1] Processed Order -> Partition: 2 | Offset: 30 | Value: OPWINIJNOSLYYOWGSDFJXSGUVXCDUSUMKRLRQSITXBEKWQNWAWMZVFTNOBNESIEZOWFSXRFZAOJSONQOAIXZRWSQPYORPIJVCLQG
[C1] Processed Order -> Partition: 2 | Offset: 31 | Value: TAZQSFPVIGFUBVPLQPBIBQNDYLHFPYOJAGDAKMIUMFRWYNVFJUPGYXFNNEOZZLXRXJXAXJRZGKTYWVKHCPEUJLCWSYCJVMKYGOAV
[C1] Processed Order -> Partition: 2 | Offset: 32 | Value: ZBNXZIFVEEMAETIIZGCDYARXOTRMTLMBPMPMHNFFTMPWPTYGBTSRXAYIJYXGMKSHGVRGTDURAREZFOYLYYIJUDYUWVCUWKKZVFKR
[C1] Processed Order -> Partition: 2 | Offset: 33 | Value: EWCBXPRUTIQQUGADEMVAIOMCKQYDLDEOGSPDRLJQCMBIXFMWMQAMXIRHIJWFNATGQZQATCCRILPXRVEHBWNXJZIPPMDURLQZZNUU
[C1] Processed Order -> Partition: 2 | Offset: 34 | Value: AIWSWXZNORDBCVVQKOHNXQKTDXHCTRALIYQOTDDPPYJWCCCBSPAWZXEJXKVZKFROXNSUYWPNJPROEDIPASRFRRTAXTVTEYSKPDAS
[C1] Processed Order -> Partition: 2 | Offset: 35 | Value: XGYRZMAVWMGJJXTDKFUSDELPWQBLYFRRXEXSPSEYCSMEVZFZCWDADXSDZTKTAUFAVEYIQMEEVBQNKNQEFGIDEKANWCTLHHSRCMNP
[C1] Processed Order -> Partition: 2 | Offset: 36 | Value: LAGYVPOTPXFGYOUCIDICCLDUBLOYPYIFPEWVXRFOJXOTYMZFZHCPUOIBQCYPOUBFCZRVWPMZZGWMZIPGYIMCZQMDPLPCNXAEYNCQ
[C1] Processed Order -> Partition: 2 | Offset: 37 | Value: DKYJDVTMYJKHYQFIRURVNUWOKGYMOJZKRGWIVKJXRJTNOOCDTKZRUDYPAYIMNIBJTRDSIXJABUTQSBQRTTJSQZYSZWPNUJWYRTMS
[C1] Processed Order -> Partition: 2 | Offset: 38 | Value: NXCZJQACVFCVWXHNFQLJEPXTDLCZKTRXFEYTFHFYZTJHNPCITOJKXVETHUVKGVYPBLDXMOTJSXMRCETVRZLDEMQFAPMQRDABACNV
[C1] Processed Order -> Partition: 2 | Offset: 39 | Value: QKKXGJQRLZTCVXAHDPUFNZGSDJTJKATHMCBKWYVRYVSLLPSCNVFQQPSGIDSETLELVXXSYRFCHCRKZELODKXDCOTKXHGMFINTNVQC
[C1] Processed Order -> Partition: 2 | Offset: 40 | Value: KGXGFBEGWPXVMJDWIALMCXCQMNPQNOONMOLCOTYFQTBTUFMZLDZZECFGDOPRSLIIDGEERZFNVIJKADQTBEMIPAYUHVWUGMXMMJXY
[C1] Processed Order -> Partition: 2 | Offset: 41 | Value: MJVLTWNGYJSFLTIOHZNLAEMMRPPTXQYUGYTJWRLNTTRTKIBSHDMYVLQHNBNZXOENYBIGVTJJDIVPAAQJVTLIJPUNDCHFHNTZOHQN
[C1] Processed Order -> Partition: 2 | Offset: 42 | Value: DXZBFJXISMTMYPYRAGAHPPABXMUOKNOWNDPWRYGXHHNBHPMOBBEQHAPVVKBFBIWELRNHIEJWAMVHEUFKXEVPVNPEWJHTWLXMXIXP
[C1] Processed Order -> Partition: 2 | Offset: 43 | Value: AJVNICBQFXGMTOHWXGOFLPPPQEEOIEDGYDCBAISTKWIDRDULYDFJBRQDCVJSIETVGLOYPAUFGRNYSZWIWMCMAQYYLGQCPAQFHQAT
[C1] Processed Order -> Partition: 2 | Offset: 44 | Value: VPZFERMGHSKNTTZQDWCQUSXLPDLXBUVMTFOZBHNLWRHQONDBICJZTGZCVDJLHDDIZHJVWUOTZKCEUEKWCSMZZFPFGNRPQLHTYAUH
[C1] Processed Order -> Partition: 2 | Offset: 45 | Value: XTKFACIHRMPGOCPOWJJJLJRBXTHFMFMBSAQKXXXUBBNZKYOVTLQNZPTJAKEOCBDRWYMZONAGYINKQSLJGHMCHUPOWAUXEDCLSMLS
[C1] Processed Order -> Partition: 2 | Offset: 46 | Value: RXYKVVQCDRYKTGNEJTLXSNQNSIIJCXXENIQHRVXDVLBTWTUKYZATJUXJELVLDCSJIGIQTIGRUVGXVPMUQAGZTWCINUKMZXMDHUJG
[C1] Processed Order -> Partition: 2 | Offset: 47 | Value: YLSHLFHGINXCUACHTEKORLOFOWDKQAQNIIDUAERICRRPHDRYBMDGVGSSBAQLXSHCKUSMVISEKHITCCJCOGIIAMGGZRYXQTOVMDTT
[C1] Processed Order -> Partition: 2 | Offset: 48 | Value: KIDTLYRFTZSNNADSPGIZNZIFEMCJIRZGCQTYMESVHOXXFSALISLNCKHSZAKCOAJWFDOUKYPONAQMIMOYGRGPKKBDACWIGUJDNFWG
[C1] Processed Order -> Partition: 2 | Offset: 49 | Value: KQRDZYBUGZTQVJWDBPGVQUBXUJXYWDVEBHGJTSAFDMHWFRKBTHTYBFKCHKGXXYETGJQXYIZOOTIGHQMCNCQPSBXSWNRGJPHAPNEI
[C1] Processed Order -> Partition: 2 | Offset: 50 | Value: BNEWJBZJZKZPTKVXEKAGQEGVRSVRJEGJSXFAKYTBWOFECJRXYCHENYLWBKGXVNPZSFRPLNTZYYVRBSYMFGWPVMFPAVDBBJGMKEST
[C1] Processed Order -> Partition: 2 | Offset: 51 | Value: YCLKJTBHQUNLAASZBITMRKGDAUJSYUYRKCGBLHXWRWVSFGXSNEMHOMWWUHSWJEEXNGQOBVDBGUZVKNUVARHJGTLJPFPSXLXFGZRS
[C1] Processed Order -> Partition: 2 | Offset: 52 | Value: BZXLFPMIQPYXYRUYHFTNHQSNAIDQNYRBILXRMNYSKMZKYJZODYHJHKUDVSJGJAVPSWZLMBSUEXSBQRNZYBOIQUHADYWYEEXFUAZH
[C1] Processed Order -> Partition: 2 | Offset: 53 | Value: GGENGDSMNRNAZPOLBJYQMRFOABYVAWGYWQREEXZPMRZBOTGYYRVGYFNPILKMHJYNZOOGSXDTHZVVKUGPXUVXNSPNLHRSRBUOQBSN
[C1] Processed Order -> Partition: 2 | Offset: 54 | Value: CKDNGGYZLIVQYPDKEHZCAKJJOOMVWQUOULPQQLHWZYKRKQYHCIGDJDHXRHKIWFJXTLOPCEAHPWPICTKCWLQRTYHWQGDGCJKADUAS
[C1] Processed Order -> Partition: 2 | Offset: 55 | Value: NCNQUPHNCBEVQYKSNEVLCLVOSIRYZNPQYAKVJLWXOHTHGFTTKWUHZVOGTCSJZILOICBKYHIMHPDEFSSCRGTEXIVWKRTJYANIESIQ
[C1] Processed Order -> Partition: 2 | Offset: 56 | Value: BWVDUABXMXCTQNRFUPOYJVQMEMOXYCUZLNYXKLXXHXOZUSWMJTSVKHCWEPFMONYCEZZOJZXMWZVFESKVLQBANXVHSFARLOVLUKQE
[C1] Processed Order -> Partition: 2 | Offset: 57 | Value: PENIAKHKPMMAZRDJLKBIUCEGDUOEHLIBOIWKNDCXAIDHKFEOFCDYQQOQSXBDCZVQNYFNNQUDTGHNOVRRTHSRPHOOXWBQCAHAIFWH
[C1] Processed Order -> Partition: 2 | Offset: 58 | Value: UIVSSYTWERFSEBUSAHVYBZURQLHOHNURKRJSRXEKDBESHQFEIIOXQHLUSNSAWRATMQWBMBIRERIUWWVTLNWUYZVENTXJVSKTKTGV
[C1] Processed Order -> Partition: 2 | Offset: 59 | Value: KMLWNFOPTKSYUBQBOZZRRNDBNQIRSUFXPTMVALDUGYKWLCDWDBGFGSLTZNCGNFCCNEAMCCZRBIRUJSRQFIEJFABQSPZBJRODPPHG
[C1] Processed Order -> Partition: 2 | Offset: 60 | Value: BKAFIGXTSGBKLDIFWOZYIJHFCONXFGJNUYETASIOSNXNCMVZRHIXGYHLGYMJNEQWFMFVPEZHZVHZXEYPMAKPYSCDIYBPXBGJKDHU
[C1] Processed Order -> Partition: 2 | Offset: 61 | Value: NYZJYPRXEADNEHLVGMPLNKOQRVUTKLKLHWTCSAJKQBJKBDMDYELRHOQLNITQJQWHOVTYQJJHOSZCNHXSMVFKJGGRGDLTZSNJMNDR
[C1] Processed Order -> Partition: 2 | Offset: 62 | Value: UMOAEIGOUBFSELIGCBKJORPOOILTOTHRTWJRBNQZZJVIPLRVWZTIADIPYDSYZSEULESCLSMCQMIKDOWOKMEMMFHASYLDCDQCVHXJ
[C1] Processed Order -> Partition: 2 | Offset: 63 | Value: WSQRQFQKLROQSCGAHLHUVREHHECNYVSEQEZLNAJTMHHCYPLVIIQNIVGGYPADOIGRQDLKKUUIRILQHASSSBAUYOLOOTNPMWIQDJZC
[C1] Processed Order -> Partition: 2 | Offset: 64 | Value: ZOKHRKDCTUCDVZJPIVMPGIQRIQVORQOFKBNWGTZQSYONERWDTAZCBEQQHPNWRKZVWTGYBOUGZRCBULFIPFSESZHSAODNECWBOXGW
[C1] Processed Order -> Partition: 2 | Offset: 65 | Value: AENAWJEQCWOFIRXETXPYBYUQZSVPGWEUXIWUSKKTNWPXMCEWKHZNZZLHXDHLUOSSZIKIICBSEIUDHQQMMAVJVTCJGRWWEASYFBOW
[C1] Processed Order -> Partition: 2 | Offset: 66 | Value: RHCQGDPEKXWDKVERHMEMQIZOQKVYLOOSJXHIBYNRFRYKYFSHGEEVYOBWPWLHHYDDFFIYPQHJKXWZTNTIOMJTTDTMUJXSLOGTVUCT
[C1] Processed Order -> Partition: 2 | Offset: 67 | Value: KUIUBYNUBEXDQMVDNCCFWDNQZUHZDJFDJTXZYJJCAGMKFPFPYLHTOWLVGXITIUFFUCIVWSWXLQCFISXBUGFFLUPCKBIOZMWBYLLP
[C1] Processed Order -> Partition: 2 | Offset: 68 | Value: UPQWJDKTZHGLFMLLPLNWHAHLQFXTYQNJGTKPCWZMUHHJAPUNRMZXGHBSPBWWWEOLVMVKNBOXQDFMGGHSXJUHGWULYSQOGKJZNSTC
[C1] Processed Order -> Partition: 2 | Offset: 69 | Value: BDOYTEBMWTWVAJDFPSSAYIHBCLWVBTZEZJURQTKPWOBONLOQPBJENIRMIBSXXFPUDLYNFNMPMACEQMWXFDKBNJOVNMINXXVVIUUX
[C1] Processed Order -> Partition: 2 | Offset: 70 | Value: ACFZNPYJONTGSNGQGYOMFNTWJVREYNVVSLIMOSBHNQJCQVPPNKIRRZHIYEKUHJILIQCUJHXMXVDGGZQCTJNJZJBKGXWJBLWEMQML
[C1] Processed Order -> Partition: 2 | Offset: 71 | Value: GPNQWLXUSKOXGFBPTCFBAJMMGMWWUFPBRXIDVHDCACEZKMDUWSLMDOFANXSXSIOTJFIKQITTVWRRMOFMHSSONAFKEQJVAHACAPCQ
[C1] Processed Order -> Partition: 2 | Offset: 72 | Value: MICAWJWJTZZZBSWFAXPZXNJKWEFDMOCUUWWJIFMCEZSBBHEEYWMXREZOZOTXXCMRAUQQRPZWSMCXAXBBETSTJCYGQGTLAGJGMFRV
[C1] Processed Order -> Partition: 2 | Offset: 73 | Value: SRGRPATOGXQCRMGFCLAUJHUPHUJLAJZIVJIJREXDCMDKJOLYHTUGAGBHFKXXNOQRBVPSMGGSKODJTHZPIHWMUOPEINWOIQAABEHV
[C1] Processed Order -> Partition: 2 | Offset: 74 | Value: WLTTZGOTPWBHOZUSNCZPCBYOHJTGJUJTLYCNPUXNANLYXMGLAQKEKXIIJPHHOLKNJNJYPFQFHKJIXYNHADXVEFHKBTKQPQLZYOOP
[C1] Processed Order -> Partition: 2 | Offset: 75 | Value: GAJROFDWQQMGEODMXNQUVXSGRTIGOCFXPHWJDAMLTWXXLZRARBUNYFCFXBSFBHECBIFBNPVUEMINSSOFLXWIUOCLCZYJJVCBFFUL
[C1] Processed Order -> Partition: 2 | Offset: 76 | Value: MCRZZTSLFOPXXXGHQDIOXLLYPPTKDHQKSKWLOQUDJOIQDDUSGOVEMWIDXYAPNLMONSJCMKIRLYGQDHMZNTTBTLEWDQYTLLFTOEDC
[C1] Processed Order -> Partition: 2 | Offset: 77 | Value: MFLWQXDKEHKLZCHAKZKGKYKXLLSDVUAXJMYWSYWXWWEVTEJIWDRBPCIXUDKGVAUAKGIQJXFHXCNUCMVGXSQIIVXBHUQZXDBVSQYP
[C1] Processed Order -> Partition: 2 | Offset: 78 | Value: ATKWKGBCBDUISMVTYRICYNVNABLGHQSBQMBGISXSQBYGMMTBVNJJYDLLBRSSGVTPIZLGUPUTUDYOVLQHBFSRXJQMOKDDMHBEVLZU
[C1] Processed Order -> Partition: 2 | Offset: 79 | Value: XITCHKJUPZTRHDDTCWXNYPQQUNUNBRPAELROHGGNJRQZSOAHCLRILKWBCSBFYTMQWORRYCJIENHXLGTTEPVJWWEXWIXNTZEKRGOH
[C1] Processed Order -> Partition: 2 | Offset: 80 | Value: PMBABTZEBOSJLOHMNBLHHVVNCRCLCFPKKMQHXRLYQWNAXAWHZLSSDKPGOCELTOTXRWKXQOHUZCVQQRZFDGOESKQPFQDZNPGHETFA
[C1] Processed Order -> Partition: 2 | Offset: 81 | Value: EDJOJABJBBMLWULJLSBUVTBDJTTSEVGUKIMYRXIEEDJMKEOTSCXIZZUDUAQXVFFEXVQFTYRDQGENDEDCHPIJWEKXDKZKYKMISNJC
[C1] Processed Order -> Partition: 2 | Offset: 82 | Value: CZNHGBJMVNAMGFLKMOHQVDMKBYOCFECILEVOOLANZKCDAANKVVJZDIRNSQLKESSMEFYVHLUIEXGLZQZCBJENUWLPYEFGEAQOELCT
[C1] Processed Order -> Partition: 2 | Offset: 83 | Value: WAWZYSLXOUWFTBJXSCFYOENREKFCSKLQUTXYQIAMPWOTQDSQFUCKASTOKZOGOLWOBXGJNLDXEQMCMRCNSCXEDKOSGPKYLXNMCYML
[C1] Processed Order -> Partition: 2 | Offset: 84 | Value: IJBTBRUEUSMLTVCEEIDEJIKMIQQANNTJJZQOZABOLMPCCBNEYXRAZQBATPBTPDETKDTZQEWFGGYBOSRKNQKRCNMHXRWMWUKBSMPW
[C1] Processed Order -> Partition: 2 | Offset: 85 | Value: ELDEXQUSZJPSBBJLOCGVPISAJJHLLVYHPCLCHGNVDWNREODLRFBCJZWVFDWGOZROXERDPNZAZZDLKEXKFAOJJWTGWHSMPDCJCDIW
[C1] Processed Order -> Partition: 2 | Offset: 86 | Value: BRBYUQZMSPADSRGSIPFRGKSTWWVYLZRRCWSXYSGCJKGMEJHGFAVLISLIFFRXRGPMJDRXJHKLHUVQXDONOMKXJBBZJUUKZLMTGBEJ
[C1] Processed Order -> Partition: 2 | Offset: 87 | Value: IYOVKRCAJNHVMRUTGGLCCMJELNQPKGAYSHCSUFTQEQNDWPXIKFFCGLJFKVVMNYENYEHARRBJFLRMIHNNOOEJSEQGQWKXDHNUHOWN
[C1] Processed Order -> Partition: 2 | Offset: 88 | Value: DHOVDLFNVEXUQPQFOBKSTIJONIDFLUDANUSUEGIKACGNWYDIXZPTQZVTKDIMUSMVVOGLZGUXRUDTXSFXDVIYUWEPDLNBZQLZKNXS
[C1] Processed Order -> Partition: 2 | Offset: 89 | Value: FUEDBJGPRPBLLJATGYAETFBQPHTUQXWROVYALGFHNAUZSSJJJOMPJYTWWHVTQQEMTTNMQSFKOPUVUPHOFBGGXIWUWOEAZDVTWTQB
[C1] Processed Order -> Partition: 2 | Offset: 90 | Value: ULFMOGUDNMPPLUOSETBYDOQETSISBYJBGKHFFEJGOZYZLYEDOBLCGTRKXYWEXOZRXKSDJUPIGUDHFNCNUFQCNOWVMQROTABCQBAM
[C1] Processed Order -> Partition: 2 | Offset: 91 | Value: AGFPURDCPRWCEPXUKNTEGYDRYSGDKEPIGAEGVPRDDEMZJPSIVACLVJHBYRKGOFFVPBLSFYSAVYTSBHRGQSYISJJJCQJGUKPHWNSU
[C1] Processed Order -> Partition: 2 | Offset: 92 | Value: DKMTKBJUWGVOTEFJITFGGUVITFESAKOAZRLLPWGASFUWEUROSWVTGJKKBXNTUWIAKOGUIIOLGQEFFLHWQPREZDQTYSSOCJQPWAUF
[C1] Processed Order -> Partition: 2 | Offset: 93 | Value: ZPTKFJXABARZUWGSEFUNWWJTMKIOOEGNHLPCYXOSWWSYYOTQIPZKGKRQCRVOZTTKDWRFVWKDFMCSWNMCKTCUFOFCSDAUXAEJYHPI
[C1] Processed Order -> Partition: 2 | Offset: 94 | Value: YZPJVNYYTTKUPOZUXFMUZDUROSZFOAIBOYGOBYXFZTACXLOKVPROHDAJPFGRXFAKYOLUIGMCHGQGPLQGCQKUJXDIHFZGGTCNPQCL
[C1] Processed Order -> Partition: 2 | Offset: 95 | Value: FVVHYEIHAMSNUDGOOXNCPLMARVFUWMXSKUQBGRGKENEHUNFAVKIODTPFXRTDHEITFMBIYPJLHAKNOWCCWIODKGLPPWMTJLEICYQA
[C1] Processed Order -> Partition: 2 | Offset: 96 | Value: XIZZHTKNQGNACKRUHNZOMMCVIGIHAZZYXGGKIZZAEIMQVYBXYIFJFBJVSTWNNPEQBLBRHFVSYOMKOBZHQCQOLBFMNZOTAUDWNLKY
[C1] Processed Order -> Partition: 2 | Offset: 97 | Value: EIDBTQIOUMTVOCCGIMJILQAKJQWTNQWUAWSVAXCSUFUQAFDQGOKFSNUTSSJPUXPLKODSZHJUQSLKNNTNLPBCXKEFJGKGYFXYTNLD
[C1] Processed Order -> Partition: 2 | Offset: 98 | Value: LRNYRUEKPFLDUDJAHZMKGNRCLGCZTFCLILGPYNLBRFKFKLHWHRLJISAHZFXIYYGWWXQRVJXUQXMWJARAVIRTFRFRSTCTHIOSLCWW
[C1] Processed Order -> Partition: 2 | Offset: 99 | Value: FXMHOWBGVUEIEKCEJGFTAWVGEKXCABRUEXQJAYUFTKOTDNHQMAYZWWSTDKHHAINEJKZUBSFDWHHWGHRTMZXBZHSLUQKMBHLPEXQE
[C1] Processed Order -> Partition: 2 | Offset: 100 | Value: JZMXBWWTXBSBCBKFECWDXOTAYJOWYFJGIIDWWRILUZAZAZPQJABCJBEFDHLAMZNDTQNKQVMPHAIVRPIIBALONYVIYVZLCWGYHTDO
[C1] Processed Order -> Partition: 2 | Offset: 101 | Value: KLIUTZFRKKJMOARXGRGKBAQBPEXBCKRBOKXTWWWTNJLJUYBJIIHQVPBBXTFJPFWNAFNTSLXLDFCSGMWDIUBMIARTXYMDIONIGNRJ
[C1] Processed Order -> Partition: 2 | Offset: 102 | Value: EYJIRLDTGEQAWDPIOSHDIAKPKYBKRHVPURITHMTEXRNEUCWEUUSRFYFQLQBAZTACGLLRSHTCNEURKUPUVUDWUDHJFOOOZKUFBOJK
[C1] Processed Order -> Partition: 2 | Offset: 103 | Value: OZSNSMAZJBIHAKLLVLTTBXGYWHOBRGNRODTUOYVQGZYGTETYKNRMKBBBITJLCRWRHQWGQUJZLXZULPOWXEOWYPWJWFGUAOWUUYQP
[C1] Processed Order -> Partition: 2 | Offset: 104 | Value: TZDYJDSHGSNCLBFBYJJWCDHOFNELSQVIYNGOLHOCJBJVNXQQXKSNGSHIBYMLSRGSPKADAGVFKXPFIOOBTJCEUKNQWXOLUGOBAJGY
[C1] Processed Order -> Partition: 2 | Offset: 105 | Value: WCYRQYHJCTIOPOAFNBNXWHTAHAHFNWIMMKWVKKWFRGDQAOVEDESPUDODPNOTIIZQWIFDCLIZAFPDKTIAEBUEPUYDLYSSRHGBRWBA
[C1] Processed Order -> Partition: 2 | Offset: 106 | Value: MPKKATFTYITVEZBZFXEWGNYECUGEJTOFISZCWUXDRYCGJMCIFDNYSDISKCGULGGORNOWPKKVRVTQIPZBNIFRWZAODSYMTXURLWOG
[C1] Processed Order -> Partition: 2 | Offset: 107 | Value: FSTMSCIKWBGEISJWYGZEMRWJRCSNZHUDDWHISOMSUKGQIVTZLPPSZYJSBQZDDOORDZEUTPIAOPCZTQBDNHDLHKZQJJRWAPSDFCLZ
[C1] Processed Order -> Partition: 2 | Offset: 108 | Value: NBHNMQXXFCOEFXJCBSUIZNWAHIAFWGAWYMYLUSETYOQSFEBVOMROVMYGAWCIMAGOTYNLCCJSZXDHMDXSSHNKBLNFZHTMPIXABQNI
[C1] Processed Order -> Partition: 2 | Offset: 109 | Value: TMADHGTWWMBYZUOZNNGRNDUAIPLVBKKHOFMHFEGEQBAFCNREFVTUSYTHTFWUTGKCTHOJWMQXKTWYBTTJKBNMWQYRFKCCRJCLBHPA
[C1] Processed Order -> Partition: 2 | Offset: 110 | Value: ZHHZVIELIPUGLPKPPEIDQYEPVILDHEFMJUCDYHYTXBTQENESHHUJRSIKHOKXKBFJMFDSVFHTEVBJEQSBMSEUJMXBOBQLLOBSEHKD
[C1] Processed Order -> Partition: 2 | Offset: 111 | Value: DYUALOAROWEXTATJZGOJZBQBWDUGMJFFPUSLQRPNBFEDKMQANVFLLXLMFJCSHFOKEKNXUATVQDVEHVSBJFRGUKGWUGVMCMWCJTJB
[C1] Processed Order -> Partition: 2 | Offset: 112 | Value: FQRIPGBXAJQGJFGZNTMPIDAAHQMUFKKMOHGHTFBWEUMIEIVQHUMGPENIAFZHZSJFGGIRACILTMCQQXJBFPFIACQNFBPJLSIQJIFK
[C1] Processed Order -> Partition: 2 | Offset: 113 | Value: LGGFRXANPEIBOETZZMIQXSDYJSJCEECWHOOSCYCUOKSQWHNNQAKQZTADBTWOUWYNSGKJROUUWJRRNJYKUNNYXPGQFAWWPKZLRXMR
[C1] Processed Order -> Partition: 2 | Offset: 114 | Value: EDECQUFREWXSGCTKZGVNJFCXWARYGGBYBGEEAGDHZYTVFLRWXBOEEDFXEBYLQLPZZWPZILJWRPEDXQYPYXVVHQIBCUWDSNTPDSDX
[C1] Processed Order -> Partition: 2 | Offset: 115 | Value: YIIXRVVWXAGHZQGFRFTYONKVWMGEBVKBLBPWWPGAOGBUPEGFGTXGWVGDODBPAEREWCLFPNRZFTCHXWBSBZSXKVTYQBOKNBDLQHTI
[C1] Processed Order -> Partition: 2 | Offset: 116 | Value: EAPCTDVTXCKVYLRURNPFVXEXHPUVOYUATZUZZFZTAOCYZCMZZWRZGCCWZHNNVAULMVHYGIENDUYNAYCDLHRYFABAYYRKNEMMZOXD
[C1] Processed Order -> Partition: 2 | Offset: 117 | Value: REMAWVEAHDZWFIXZUNWKPRYQGPXLFRIUCFPCQBNGVRFDALZXIZTQEBZEBQJZSHDCKHSZFFMDZQSXHPNYETPAJGIMBWWGUKRMXZTB
[C1] Processed Order -> Partition: 2 | Offset: 118 | Value: TXZFZTORYBFMLRAQFNENTZSHKSLOVMLRMUHRGKUXSWFAORRRNCZJDFJVANBYUUULHRYEWMPTKQPTKWGDGMNMYADVSPAVTHTUAGFD
[C1] Processed Order -> Partition: 2 | Offset: 119 | Value: WPWJNZQVWOARICSAWTQAGRZHLPHUONDJPXMJVGHDMXKVJZTGJMTGEYEIJANQOASEVSLALWERXGNCBXKGEUKUNPUZFMYJBJEXCPLP
[C1] Processed Order -> Partition: 2 | Offset: 120 | Value: SPEIHPILVARBTLUNCWFMKKDUIMEVWHMVNLBBIUWBHTDESORWOBEZELXHBWVJMESIVANWCMTCCFWDBFFHDMJCOIAPOTAUPXYSIIQH
[C1] Processed Order -> Partition: 2 | Offset: 121 | Value: PMCUTCSCRUFNPXVXTSZXJXXVAKLEGLRMFYDWMCPWCOODBXQALZWEBYMURGXOXNVKNCFJVZXYYVDQKQZXRQWXRHHDACVVDHEXXAOE
[C1] Processed Order -> Partition: 2 | Offset: 122 | Value: ZZSKXVDFBUJLMWFNPQDOARIBYVJVVFGOLAOYWOYXLAPCNNDCFVCEIESVSDNWEPWJUPVLVTGBHMHRLPGLMTYSTVUVEEKIFAXIDUEA
[C1] Processed Order -> Partition: 2 | Offset: 123 | Value: QVBYUJYHBEKNIACZMLVIUIGHFQIULZMDXYENQKDQFHNONONEFDKHBWZYDZWLSPXWKFMGZBSZYBXOUMDRWRVTKLGVBDBVCGTQRAGO
[C1] Processed Order -> Partition: 2 | Offset: 124 | Value: CEJGTHJANFTILOBGKDJJOZUBSNRMPNPRVIIXASLSYPAQLVKPJDOGQSVPRJEZTWTUNYXXXGLJTSWHIIVBZIUXJFBDZIEMYPRTLFLB
[C1] Processed Order -> Partition: 2 | Offset: 125 | Value: ZRHTYHGNSBMFGCGZKGSHZKLORLDPOVHKHOLCSJOFNYLSEIUAHHOPSGTTOMMANBUQMAISHZNBDNQOJEZLCTGMFHCFDAVSGXENDGYL
[C1] Processed Order -> Partition: 2 | Offset: 126 | Value: CGBIPGPJWQYDBUKIPYNVVNSDDTNJXFFFTHFWORBOLRZEGLXAWRHHQGNBNHRKKOSMVOICNOTLTFUNXTCNFLSYXBJWRNYVYCJSDXWI
[C1] Processed Order -> Partition: 2 | Offset: 127 | Value: KUQYHNIQPCVOGXCXVMUCKUXBZAZKMCWCOLXMLJASVENTBNMFOGQCTTOWSMOMAEKKDUWKXWRACIGPJTROZKFEDNVOOEYOJMNFIWBX
[C1] Processed Order -> Partition: 2 | Offset: 128 | Value: LOVGKIDBXKRGWSSRCPOFWFLZSIQPNHMTVZWFQPHTEOIRFQHLOPMCVTRBKLOVTWHLUJPOEDGRFXOQNEATQBWQTQGQYMMCMIHTUVKQ
[C1] Processed Order -> Partition: 2 | Offset: 129 | Value: CUFKSCXHQGNGEKLZYVQIDKXCMAQAIMDMKJYYQYFLKBEOEPNIAEBNSSKOOLBHRTPNSUCUTQTMYRRAKEHTLJSRQSSOITHOOEIGUAVJ
[C1] Processed Order -> Partition: 2 | Offset: 130 | Value: QDHXAPKLHLAKQBRWVVAIEABSBAGCEJOGLWSKDSRGUYPJUDTRAKOMKKXILCXKGHOIRQTGHRSLSVGYNJSTYLIULVADYCADIUEIONZY
[C1] Processed Order -> Partition: 2 | Offset: 131 | Value: CQIRDHDHEKCNXVZWTHDFMQIIIXSNQIWTSZHZMPPSKFLTGKWAFIOGJKLHKVAOPHDYJLVOIVFBFIGZIYKUPUJTOPXPZXBVVDHLNDDX
[C1] Processed Order -> Partition: 2 | Offset: 132 | Value: GFXOPFUPOVMAOKFIRZFHKTKEHSUDJNZSUDGKWWSUACTMHNHSTHGEMKJMEHRGOFIPJBCIEESKOOFRDDCVUGNIJGLZFONMAKTFAVWM
[C1] Processed Order -> Partition: 2 | Offset: 133 | Value: IJLYBYGSIUOUXRMMJKGLIOVZHMMSTHXYHVPTCIEKPUZTXXDRSUBVADAOBTBSCDTAOJXQGYXISEIYYQYGHZPJHTKVHMIDEKPPTARD
[C1] Processed Order -> Partition: 2 | Offset: 134 | Value: THEFERBVARYZVQDFAPNKPPSSYNTYPGJWFAABHFLUANBJTMHHXLQBMITVYMZUQMTBFUTUFWWLPWWFGSDYPNCWEYGYLMJFXGCUXVMV
[C1] Processed Order -> Partition: 2 | Offset: 135 | Value: CLXBSSVHVUFGQBFKECRRBXXAHXSTTOETDCTIUGLMBITNKQJONAMUHCDWFYMBKLDNKQRBRZDFDAKSFKXBKCVHQLCWCTRHLBHAHWDI
[C1] Processed Order -> Partition: 2 | Offset: 136 | Value: BDOVBUIKXZXWEOJLWBBARPLGDCRLFFOIFQZUVJFMFAWCMUTWRHLXXRBEQFGEYFBWCAGRXTOSCTNIXMRZDUXTGOPBTCBHQCWVVDHG
[C1] Processed Order -> Partition: 2 | Offset: 137 | Value: VXVIDCKCRQTERLORJDCDZJPQFJVNCVLTIQCKDCGVESMHLVAHRYNCKAZWWAMNETPCSMVKHFOUJTAAEONFUJKDPOJWCKZWGLLLTMCQ
[C1] Processed Order -> Partition: 2 | Offset: 138 | Value: XBXVQDBIQXGFWJWBGTWTSSYBAOFOZYFMRTPRRAJQILGNVSDOGADYEPFCPCYSLNPNGZMCHQKJXKEHMBNDUCGQJCGAQZKAIMWEIKTR
[C1] Processed Order -> Partition: 2 | Offset: 139 | Value: TJQCDNFFPDULRVNUBTULCINGHPQPASMARYWCHDLDDMNYWCVFRYSHVTQZVOHDGZQTNOUEALJWGADCQPYRTZQALRDSBIKTQFOAUEHW
[C1] Processed Order -> Partition: 2 | Offset: 140 | Value: MPFBTPSVHQCGCELIIMYILEIDGMIXNZUHCXDSKAOWMMSWBHIVSHSGLTYQNYZMRSDVYDITNVYNWEZXQHSPXNCHNNRTFUVLQHFRQEVG
[C1] Processed Order -> Partition: 2 | Offset: 141 | Value: XEAKVPFJXOKVIUVFHTUAWHQLLSYHMRXZMSGMWPYXOIVHLWOWOLUKOTSWBGTMVINPQHLFMILHQGQLYUMEICEVQYLSXMIDFNIUXMGJ
[C1] Processed Order -> Partition: 2 | Offset: 142 | Value: OLUPIPCISRBNUIFGHCIDWVVIIXUHGRVNWADWCUWOZCEECLZGKMYNIXYIJAHEZHHDVQJKIKMHPWYWPUWOKEDUPIZAJZKIRXQTIASB
[C1] Processed Order -> Partition: 2 | Offset: 143 | Value: EFPKFJGKDYUOMHEKOZERWBJQLJVIHBXQYFPIFKVCYRCVRLYNSLBYMPHHUUHLKWTYAYMFIYUQYCHTNXKCSEBBULWHIRAGCMFDEUSN
[C1] Processed Order -> Partition: 2 | Offset: 144 | Value: UKULLBPBUUHKTDIVOYKMZSZOOASFPIYPHWZUOXLLVTQGEKSWUSCPSBFRCMGENPRFMDNJDFAJAAMXLTCOPNWYYNHYCNJRMQIOOPAJ
[C1] Processed Order -> Partition: 2 | Offset: 145 | Value: IXYRMBTKOHCYYKVIBZMABYSHIKDEGFXODZJPXXQPYJONICITNWPFAMURHFKPTVDXTAUQYZJBPJNGOOHDCAIFMEQQDAVPIDNXPIWH
[C1] Processed Order -> Partition: 2 | Offset: 146 | Value: AFBSCLSPRQUCCKNERFUZIUZMMYTIXIKXHLWFYQGJLHHRUFPPSMSEYVENAEYSKGBGVBQCPERVDYKTJBKFCQKJYVLNOWQBFTEWOQQZ
[C1] Processed Order -> Partition: 2 | Offset: 147 | Value: UBZHFIDJAXZBCSKWVUDFBIMBPMPNEMSJNDBOMVIYJPLASMBBNWCDLECYXYUCYMWDDHWKTDIRSCXLQMNACQYOJBDQBNCKFJALVWRL
[C1] Processed Order -> Partition: 2 | Offset: 148 | Value: THPQKKAFUHLNOUGUSIZBDWQQJDUIDWZOTYXRRQHFVXICVVYGXLACSXOFGIUMPXQSFHWWIKXTWBOPXCVHHKJWORJFWWQSJNNMDCPJ
[C1] Processed Order -> Partition: 2 | Offset: 149 | Value: QQAUFVUFCFIDIGFGAZICZQIOTCLHROXCAADZUFYNTXFYAKWYWCUFVRAUTFHWVLLXFOELACPNHFEUQRIJARLLKSOGRLHQEGCVWKTF
[C1] Processed Order -> Partition: 2 | Offset: 150 | Value: HVYQHZHOKTNBXHYYYNXJCSBEUFTXKMJNUBTTNIOHIPYVQRIEVTDKUTWYDDLCIOKSGIEQZILRPUOHOGLKPAHUTSVXXJNMQRPSKKZP
[C1] Processed Order -> Partition: 2 | Offset: 151 | Value: ITEDGJZLNGTUMXVCRWBRZYHUDTMEKQRRXGPZJRRHJIPUMUEOGRCHJJOADWHDBULWPWNEHZAJFVLRSEWTDYFSLMHPJURZMMGXKRYX
[C1] Processed Order -> Partition: 2 | Offset: 152 | Value: VNMMULKPOPDNNGFNLIMOWWMUFHVLPSALVKLFAXIFXVRXRJXOXJDWIMXUWZKIMQNBCXBBUUJURYIUXUHOFVHOCJPVLEQCTNBZJONG
[C1] Processed Order -> Partition: 2 | Offset: 153 | Value: XVLMEPNWYTYNCIEYRNGVZTZUUZETAORETTFGYGFCWEEYZZEPMTDICQGYFCDVRMSHRJFWZPUIEVXVNKKKOWOMHQZFRFHYKTHABBYB
[C1] Processed Order -> Partition: 2 | Offset: 154 | Value: FZJAEVAJYKXBOXTBTWYUCJIWTJVGGQEUVVRGRSOPFPICLDJMDKYGGJBXBXCTCRXEUEMAEZSQYGZHHKBVIVCWPWOQVLPELQWOPHBC
[C1] Processed Order -> Partition: 2 | Offset: 155 | Value: HAZJIUUYEXDIUCNFLQZOMNVVROQLUBOKMNLPPXWDKXYDNVZLAABVSRJSKRSZRWDKQTVXNOSXDNSPQZOFAUYRRBLBLUCHVOGGSLLH
[C1] Processed Order -> Partition: 2 | Offset: 156 | Value: MSHUOJGIGRUKDYTNORZGJARPJATFLZTPHBTRPHGFCIIJNZOQZFPPIJWXARLFACAOGWJWYQBNBTMGVBHNSIDJRJESRZDXABVRQZOG
[C1] Processed Order -> Partition: 2 | Offset: 157 | Value: FSTRJIAKXESYCKSURAGOKQMPUHORYYNHNNWSQRYNFOSBNINXOWXEEBQYDGLQNTSFUWBNAQRLKTDAZEKTJGGSAMEXJVBTHKEQTOEE
[C1] Processed Order -> Partition: 2 | Offset: 158 | Value: GXWHBMQICVXNMVXRUQSMINZWCROUKUNZJSGVBATBBTQXGRTGJPDTJPFNDFGXLJXMWSRAIYIQRDZRVANCBOGGUHIOOTOXYAHPZSQU
[C1] Processed Order -> Partition: 2 | Offset: 159 | Value: UXNTEPJBLVPGKQCNNTEGSMXYUCAGMHSBZEOCMBNTXSMJLADBLGZVXVVFTMBUXZKCELRSGGPLIURWQENHVTCXVBFFRXYLEXZCJVNT
[C1] Processed Order -> Partition: 2 | Offset: 160 | Value: EKOIYDLAZOKWOXTTYLGDMKSLGOLDHWTWFHQPSICKZPHKCQICULDYQYKUMSUNKJMAGIZZPHMEYFXEXNVNTICHLZMORLXDCIVDZNCZ
[C1] Processed Order -> Partition: 2 | Offset: 161 | Value: DXSCKGGEDHTPTBGTLVTPYCZIRCCKGSGSPADKZVFVFQZKQTVWLPHSWQOUINSJVEGLQCHVFBVKNZTFARNUHIYBJOUQRFEDIUXZVNRU
[C1] Processed Order -> Partition: 2 | Offset: 162 | Value: PCWQTLKHPHWCWRIIVEUZDLXLABHQVXHCNATBIAYFHVPWQPLBOKWMAWTXDUPNMGGMGGFFYNEDQWEUPNYDOMQJFRRFADNQGFKTBZCX
[C1] Processed Order -> Partition: 2 | Offset: 163 | Value: ALTOXRFRRTJHKOFKFYAZSARKGROVOKDRKPYBNHVNDNEKYTJBPCSTGYLVWVSWLPZLMEMOHNIKVFOIKIFNSSAKGORKAJBMLWGQXISJ
[C1] Processed Order -> Partition: 2 | Offset: 164 | Value: WQKMVYMGLOSTWEYUSDHBJQBDEHWBYQVXULGNMLNRXYEVTGWGYENJLHTGBYYLLAKXNMRUBKFYAXJKYOUGRBDWSGGNAQTOEJPWAFUT
[C1] Processed Order -> Partition: 2 | Offset: 165 | Value: LTOTWJTDANDQSLLBWGTSJXKMTTBDJIOXSKSVKZVGKRJDEALXJJWYKIRHCULOFAXBTRCFURGIBECTOTPNDDCGPJOYVGXXVXGIZMIL
[C1] Processed Order -> Partition: 2 | Offset: 166 | Value: ZFYOHASJOXUZDMEGMPBBCJHXLRTLOYUIOYOTANMLYYUJCZZNWFUVIUQIATSCXRYJDQGOSAWWFNNBKDERHQGVRMJVTVCNHQJTNWGA
[C1] Processed Order -> Partition: 2 | Offset: 167 | Value: KTEFSBSNFCBFIWBMDKYIXQEONBQEXEKMCDPJWNZEEKRIIHMHPHPFTOHKKTLCGOQVZRWBQWGMFTHUXYKQGIPPNXMLPSALRJTRSMVI
[C1] Processed Order -> Partition: 2 | Offset: 168 | Value: QIHJLWVEINDPDFLKTEPAIRVHPEJDUNVUAYKKIPAZGRLACFMONNOOLTINCYOTBTZHQGJBCSDPANBSCGQCXWNYCHWZHROUHYIXWHNI
[C1] Processed Order -> Partition: 2 | Offset: 169 | Value: GOZKDAGSVMCACORYQZTKRBGJAPHMOQAHJXRGTEQPKEODXJLLADTDCQRVCYWDKVSRNXPYQWROYMIDNPYFBZZMPFJVXKSOXKRPFLSV
[C1] Processed Order -> Partition: 2 | Offset: 170 | Value: NKEKVIPKXVCSAIVJBHRRQDREKMCMSYEKRCBNGNSCEELDMVYZLPGVRYABSLZTTYCRATRXLIJYMOTNFRLBYQPUMMPWIWJMZURISXKM
[C1] Processed Order -> Partition: 2 | Offset: 171 | Value: ZLJQUORFOGZATLLDEANCZQHHCIEQLQKZDGZTHMSSJNVIMVFGEXLPLAMAXYFZVGJLQRCGOXDGDCPNKOKHPMPKXOTGVDVGOWGZPCQH
[C1] Processed Order -> Partition: 2 | Offset: 172 | Value: FMSLAFUYBYWSTNRLJBFPHULZHNTQRCHKKGSCXGHBSBIPFWXTZVUCUOEXRRYJRVQHJVRWGVWXWHOJKCQUNWCYVPZLBJLUJEYURDAE
[C1] Processed Order -> Partition: 2 | Offset: 173 | Value: PFWHHTGZMLJYTEWAWRIWFUJEDUKLSNAYNKAKEZOPCRUUXCGYPDVMJTZHCKNASVCMYUTNOPZQXVHFDPBRNCSVXMIADQYVPBEPWXFM
[C1] Processed Order -> Partition: 2 | Offset: 174 | Value: EPUXNCSVFVFZVSSCUMKQVWEMQDYVJHWPCIJKCEYBGSEOBGKVXXJBZUKMXKQMZDEKTWAWYMUEHKJBFJRFOTCQJCVFHUNSTQRVAVQB
[C1] Processed Order -> Partition: 2 | Offset: 175 | Value: MXYNBGMXDJXXOACUFGVPKPLXJAQNFIOQKFVUQUDLRVUKGVUYQAQZCRTPQCEXWONBRLTQEUWYZTHGEOFYGXHYGINPVIPKUUEAPELB
[C1] Processed Order -> Partition: 2 | Offset: 176 | Value: RBXLVFWZHMCWGCSKUPQLGGIDOJGGXOOGWGXQAHSRSKLQYCEVIJAWTCTDUTSENOZOSYCVKXESXXVLACUGHTHICMIQJCYYQJAKJWZI
[C1] Processed Order -> Partition: 2 | Offset: 177 | Value: XZTZQLVYKXYFZLYJZHSYLDVXHZREAFTTGBHOKLDXJRPFSRNOUNTBGVISQNFDSMJRUOPHZBXTNPATDCZYPIMKNYASPRFMRTGNIBXU
[C1] Processed Order -> Partition: 2 | Offset: 178 | Value: YNKHVZNSIRWLABKKIUOWDMNDYUIRCYYKDLAAKMYLLPWKKCFVNOMOMZOZDJEUDKXIUHYKHHQWJNAMOZTVBSLRJORPJMAXTNHUCWKC
[C1] Processed Order -> Partition: 2 | Offset: 179 | Value: JOGNJFQVGCNHEOBHCWGLQHRISJHDINVCUUNRYMOXIQUTAFQEAFDTHBCXWWRFHMHPILIDVSTDXMARWEVFXWZQUDDLFRIYDIQMEKTP
[C1] Processed Order -> Partition: 2 | Offset: 180 | Value: BLRUIODNNVZEEIZILRABSXYMEWWWUKRYMPUQDTVADTINUJGSLSBZYVVQRPMNJVWPLUOQMTBHDXNZCTWCTMBDDZAMITYGMIJERHGL
[C1] Processed Order -> Partition: 2 | Offset: 181 | Value: ETFGNAYTVNOIBKCEDJUYRTHVTIGTNJHODVLHPBIVTMQNHATTJIPPYQGSYBEZOCFNRKZTXRKQIJTOXQKPAJDQIVZTDYKDADYHRBEK
[C1] Processed Order -> Partition: 2 | Offset: 182 | Value: CLHLBUCSWRUVJBPRVBSDVJLTTYADIZKDDWXLLGOJFJRZWMNCHLEMEHZMEVQQXVJBHZAKOFCLXPUDKRNUAHQXLVAOZOZCKFKHCIBN
[C1] Processed Order -> Partition: 2 | Offset: 183 | Value: DNJVAWUSDTJAEKSPOJWFAAWVJQXFLPYQQIIAYYLYSRKYTPFYHRZYXPARZTUTWFVOPPJDAGSRGUIHFXEEDVJNNMNKRFDQRKDDPBOS
[C1] Processed Order -> Partition: 2 | Offset: 184 | Value: IZOUWHWMJKJQQGFNDWFNPLHNHBJXXJGRAXFDUHGAEZFXODEXRCMWAACZRGQRWNSEPQHARHFZVSTGLOQUZZEIYDCWVACLUPRFOBFE
[C1] Processed Order -> Partition: 2 | Offset: 185 | Value: JDLMIWORLVTVZQGJMXOUJCPGMRKNJXKIUKLIYVBVULYJUEHZIKXORHBCNJOETFHQMTOIRDAPARYOVCSCRNOOLMSHRCDESAYYFQDQ
[C1] Processed Order -> Partition: 2 | Offset: 186 | Value: NJEEPKSTKFBNKJIKFOGKVEMRGNKURHBABNVFHDYNDNRAGDYFXFHZGOZBAXFBIFIDYHWUWSBFJGYEZQANCHJYVMKQUYXFJNGEPHYW
[C1] Processed Order -> Partition: 2 | Offset: 187 | Value: CYCHYSWKBGGLCQEJLWJOYLXUXPRJAHQTJHLRHOJBSXQUYKPRPGJMOLADDEKSZWSTDGGNVEZYNMVSLPXTPPRSIVHZOIWEREYDMZMH
[C1] Processed Order -> Partition: 2 | Offset: 188 | Value: MPCCRPYPHFTAYJJOCSHSPHOVOXWSZQSILQEHBLCKGVWGFOEPBLOWGLEQTGDBKITMXNHLWMRDUYPNXXTSARGWZNFRKJPNGCVQHWAE
[C1] Processed Order -> Partition: 2 | Offset: 189 | Value: OJHOTYNJLLHDTTPZODQPCPIVJOBVSXYDTUZKXCMBLBNLIJBZAREYEPEKRVARIRZYNTRGSDPHYTLSGRJLYGAQZRVOHGGWJWSGADZJ
[C1] Processed Order -> Partition: 2 | Offset: 190 | Value: IEPYPNKNSAPXGMJTEZJWQNPUMPEOCZCQYNKRJTPOKCOFDQYAEDVTILCDEXWOAZVZEAJRAYFQPRRFDDIQORCNREJZHCYWJKACYNVG
[C1] Processed Order -> Partition: 2 | Offset: 191 | Value: ZEONNDBOYUGMUDFYAZFKHLTEEFQRKHHCLLBAQNAESMCHWOXMIUWJERNVQGYQMUWEDMMHFLTBAPRFBCNRECLOAAJKNQLCIUWWXQAR
[C1] Processed Order -> Partition: 2 | Offset: 192 | Value: VBYFLAGONBZVSUGMDAQAWPPGWTIGTNXNNGVLNPSCSAAHIOZBYOUYISUMCBTJIMTUTZQASPRVCUFOMMAVVMNQSFOQEYDUNLCXRGOQ
[C1] Processed Order -> Partition: 2 | Offset: 193 | Value: HVTGYKXCUKNRTZZIIBNYFQYRSDACRZCAMIIJFZLHDXTZTTDBPLXMBTEEICEBERFFNXUICOORKOZQCCIXIJUPKIJRFURKCNZGHJEO
[C1] Processed Order -> Partition: 2 | Offset: 194 | Value: GGPEMCSVMNXVTNBHEEWASGODXHRHOVIKFWTIWUQSPLNHPTHEMEWBCBVVTWUXOJNGPQUAGYCCHTGXKMEKTRCMNGZUZBICLRCVQZGO
[C1] Processed Order -> Partition: 2 | Offset: 195 | Value: ZCVMVAQPVTECBAKMXSFSTJWCNOCVFWJGWAGMCNQOGKAERURMAFLRUOYJOUHNLYIKDJFUEIQPVVCYAWRULMEDPAUSCGOXBDHRZVLC
[C1] Processed Order -> Partition: 2 | Offset: 196 | Value: TWNJWTOMOJYDRSYHMTXALAMSXDVYVBSNDOOSJXTELHWVVSEPHMMIBQIXMWZKQTVVKFHHTAVAUQAYLBXFJITJKCEJVZAXKZDDSCGY
[C1] Processed Order -> Partition: 2 | Offset: 197 | Value: NWPKOEIMDBFGMZHDQCLVPZESBISFEJHVWBCLNDHJQTBZQUJQKCSHWVSJFQMOGWSTKFODDMBLTARKVGXDOTXLPDJZDXUAKBXFFUMY
[C1] Processed Order -> Partition: 2 | Offset: 198 | Value: DVXLMFSRIWKNGCQZOHPJKRZCGDKBYJXMAVEIYBAFYEKMHPGCUUCFPDANIIWUZBOEPSQNCJKFXWDTUAWYCWJKWCSMDGIOCFRTVXHN
[C1] Processed Order -> Partition: 2 | Offset: 199 | Value: VIBSGCLEGCUJPPQLFMDICYYJSZIYBAGWKIXOHCJTXNBIOWDKLDSRMJAAAKMNZYOZBEPUHRVLWKEQPOTAXELNVHTHGZULECOYRJYW
[C1] Processed Order -> Partition: 2 | Offset: 200 | Value: OYSRYJCRPOMRPCBAQMQKIYNNPCUWHHTNIFOIOTDFRCGMHVNSSUANWDQQRFVGXGQANNJHAIMBWXJJODBKXPIPMEMWNTNPPCHWRQUC
[C1] Processed Order -> Partition: 2 | Offset: 201 | Value: SQRDLSUYRKHHEFETISDQWBBTOCRPZIBUISWLNBHQENHVZLSGIDBSCEIAGTIOFVNKWEVMHAWNWETJCPVERUCWJQGHKPLKFNMGICFF
[C1] Processed Order -> Partition: 2 | Offset: 202 | Value: JWNKXTBEGUMDXWIUHHMWKLZARQUUEVWFBWOWDBCIITYMYUCFOMBKMUNKMFUFIFGGATEWCCLTNAIRQTXLNGYFHPUOYTSRASGIRROQ
[C1] Processed Order -> Partition: 2 | Offset: 203 | Value: NYZJJAUSSHEHORRMSKHCCFCNJKSXOENFIPYXNLABCJFAEAVMGSQLKDFBQDZXMWYEHFHFZMQOYHXGHVOTGKCVLQZGJPXAUWMXXKFY
[C1] Processed Order -> Partition: 2 | Offset: 204 | Value: RDPKBKLUFFCIYXMGXGMYZJQWPMULPGBUUUFWWJJQKRAJHJDOZZJJTDYQVLQQWEUOJYBLZPCEWGVOPNOVSKXFJQUYBNGQKMITIDNR
[C1] Processed Order -> Partition: 2 | Offset: 205 | Value: RXYPEIYJNEBYBYQPJDOERBPYNPWKRQVPHXBGOIKBEDSLNOTMPEYJNPBPRUYWCSTUBHSYVJFTVEUVCXSJQLJIYYNSLTNWKJGXHNAJ
[C1] Processed Order -> Partition: 2 | Offset: 206 | Value: YFNLCNEOMLAXDNJIOHAQXXRXGFRXHDKLVGTZBEPGPWIIPIMUPDNGWKDDJHGPHZYLAFVYSEJYKSGYYEPRMBJNXJJLPGKZPIZTZWPX
[C1] Processed Order -> Partition: 2 | Offset: 207 | Value: QQAZOMJQDXRUHPHPRNFARWXKVIUZLVBFEINWLSYRXXZKHPAZVGWXQMDONDIXTUBVHIQFTKDJOKYYVRXMQINRUPHAYDVORYMJPSIH
[C1] Processed Order -> Partition: 2 | Offset: 208 | Value: TFHRFTSMBCDVPTDXPFXKGSBPEKMDJBMWLZMJXFMCAWOTKHXGWXZPYMPXKAYTEAQORJGRVHELBPACARCHZWVYWPFJGPBSCNLXZBJE
[C1] Processed Order -> Partition: 2 | Offset: 209 | Value: UZMIVPRQJYAPWKEGJEIKYBLRQQAUVVUGCBAXOBCOHGOMUUFIXRPRGSYKTUCVFZDYWCCBKFKANCARGIQYNWSLLBENAJWBKRMDKTOY
[C1] Processed Order -> Partition: 2 | Offset: 210 | Value: NWYFYZFXHTQVDVLRBRAWMQPVBRKTMJVAKBCTGCMGNHIFCCAAAXHEKAVNOLOVVIDXOQYTCWNIOIYIFRKNLAVYKZBEUCCEVFTIUIFR
[C1] Processed Order -> Partition: 2 | Offset: 211 | Value: LYVOFDFSFVPGXPKCRGEAODEZGYJLAYEIQDQVDBNZZFUKQBNICSYDFBLAFRTXYKGUTBQKYUBCXDYIAUYCHXOWDBDQWGLMLKSQQFYP
[C1] Processed Order -> Partition: 2 | Offset: 212 | Value: RTUSLBEPMKWQAMMPWADAQXLUVSBKDAVWTUROGGXGQQLQCTXSHEAWYLZZEFTQYLZUSGFLMCWHPSZQUOPDDLTIFHWMLQNEMFCZYKLE
[C1] Processed Order -> Partition: 2 | Offset: 213 | Value: EDELQHOTTCPWZYZPVRDBRZONOYJEMZZVWATTONQGDVQRZAMKSUQGNWVQFQUNTWTZWNCJLLXZVNPKSODYNXNLCVZQQIFIHVCXQFAC
[C1] Processed Order -> Partition: 2 | Offset: 214 | Value: GMQIPSFOOTRTGBIOQNIDBIAJVJDWKVUJOWFNDQYWFWTBPDWNMQFEFFEYPHOLRPIXKKSGIMAOUPVKCXCPLMDRZWUHPJDKOMHDGQXU
[C1] Processed Order -> Partition: 2 | Offset: 215 | Value: ZGUCLFWSEDTIVOMOFXFUAULDCMFSWRMAULOTKBMUGEHXSNXHJTZLKWXPJKLXTKPKGQUSMJJMOKIHZMSOMUJCQTEKARKJWOEYUMXS
[C1] Processed Order -> Partition: 2 | Offset: 216 | Value: OATKGWWCFRRQYHULHFNNYRTZSAYWGKPTTIEIXQKIBOQIXSPLSDAOXPRAJANDICUKOTFJJJLETGPUOTLSASSPDVVBYBPXBLPSOYQQ
[C1] Processed Order -> Partition: 2 | Offset: 217 | Value: NWIVRBDJIMICKZZBKETJKPWBZHIXZGYZMLCQGRTVCCEQYFSLKJMWUJHPOANDBJBOMPIFIUZXBZHYKLYYVPHZBWGWRKPXJICSEZUO
[C1] Processed Order -> Partition: 2 | Offset: 218 | Value: XDIFXYIAAQACCJDDHKDHWEGOMMNOAMTEUVLEPPUSMNRIDLCEOQYSOIBSRMTTBBEPKTIOWBWQEUQLJEIPBRVXODWVPAEPFWJRPNDT
[C1] Processed Order -> Partition: 2 | Offset: 219 | Value: CNDOMBHVEABZIOZOLHJNERNTQAPJIZULMMZSZUBXIGGEKZZPPKUJHXGQVWYMDVTPOVXKSJVLPKAZETYHRPKEFPOCSXICLTTQSGPR
[C1] Processed Order -> Partition: 2 | Offset: 220 | Value: UCQUVNEXVAZDEBUOYKQWZBHQSKVHUCGIIQYJNNJUTSYTEUHPRMTHSMJLRQPDNMVZMZOPERUIDHYKLGACWNCPXHKKBVAYGCHNUMGL
[C1] Processed Order -> Partition: 2 | Offset: 221 | Value: NIXQGLKSMMCFRYYQQMHDSXCNTOHPATANQLOIKFCRQILRPVHGFPXEXKLXNTROHBWOYOREVXRPGXPRJFJSRGVVYHFTPUHMBTMJRHFU
[C1] Processed Order -> Partition: 2 | Offset: 222 | Value: AQSOHXWXZJBHADAYDGHJMXOOFZNKDPXRSRQMIBWFIBUDGLXOPENUWRXDEWLJYFWKQCTEWQOGXUSOVZMHDNVZQDEAWLPHOMUHMADW
[C1] Processed Order -> Partition: 2 | Offset: 223 | Value: LYZDPMPOTFLTKYCHVJVEDTBDNGQPALERDMKHZBLAWXAZCSHJWLPFHPDRMURKKIBPAOZGDQIYBKBJIBKIQNEHVUIALMNGFEDWSIXG
[C1] Processed Order -> Partition: 2 | Offset: 224 | Value: NJMLZYPCLEWWSVGUEAXKSAIOUUHRFDMZCBXLVXWRKGUMNUWRRQNKBDTEWDHWPVJXNQYDCKWQYVUKWSVQCMDBDRHGLSFVVOCNCDKQ
[C1] Processed Order -> Partition: 2 | Offset: 225 | Value: KUOMMWOLVOLOKXQQSAZDRPJDPONZTPTPRMIXCPRUKAIJQLVDABBQXEIZJIXCOMMHYNRAZDRYUMAQZNQGVYUGOWCZIUOIOSATICMO
[C1] Processed Order -> Partition: 2 | Offset: 226 | Value: RWDQPKEJAJQELLPCUUWZNXGCFEXDVCFZMASHHVFSZSUDKLAMWFPXWGSEDYEZPTTJZPJSQESUSGOAMZEUIQTAFJBVAVBSDNWYQCJN
[C1] Processed Order -> Partition: 2 | Offset: 227 | Value: PEIPQVIZXWJVXFDTWQRXXDCKJZPNPHKEMVJYXIPGMNUDHPGBEMCETEASXQFWJSAOYYYRXARULNIVHMIKVLFSWGJQYBSADTGTLTBK
[C1] Processed Order -> Partition: 2 | Offset: 228 | Value: JLYGZVAGDKMUEUAGXGFMAVHMCLNZBENXROEPBTVEBMYNZJWHGWIZNBZNTQMYFOYYXQZGZIXPDAPGKNOQRZSEZPHVGAAFJZMSESNB
[C1] Processed Order -> Partition: 2 | Offset: 229 | Value: KEVVBGNSTAQTKVOIMYTGZACRXCUVCQOLKUMJYHUTCVHGXUOUEKRQENWPCOGFVYCCNBMOFLNATRVBAGYWUQYDPZKRJBCYVEALOCBV
[C1] Processed Order -> Partition: 2 | Offset: 230 | Value: XOKDJFRXZSALIQEFWSAIINVQCHCZOUUKPRYICNLVECAKYRPQXOBBUORLEDFMXRWQPBFGNFIMCOJWRYDOMHXBITYLJQCMLPQLZAQX
[C1] Processed Order -> Partition: 2 | Offset: 231 | Value: ACPLKEHKVRVPQUNVTBABRXKPTSJQVDGSBBPUYQXZPJEDLBDAAIEDFHLJKSCBLMNBTOCFDIBBVCSISRJEKFGXKYHRNWRBFHEJNNAB
[C1] Processed Order -> Partition: 2 | Offset: 232 | Value: JLBCSJFRCAFVQABVLJJTLPXVACKJBLQPSBUPUBIZFDCQRUZKIQEQLZFNZBRZMPKHCRAALPVXGYHWMATXKTESVIOLZZKXGXJJIUUF
[C1] Processed Order -> Partition: 2 | Offset: 233 | Value: QYKRGHYQBTUJVQCLMQMHGCYTBPNSDMRZQMBNJTYEYVECEKPXVXUOOUZNWRHSEGKVVIBYVIUDIVJCOADUSVLGIZDYUPBYZTOKVFFR
[C1] Processed Order -> Partition: 2 | Offset: 234 | Value: UDAXWIXKGBMRZVCVAKLJLYVKGXAIDUNEWADPFZSKQESTEICOQZTEAMCRITNPFTUXRJBAIFOZLJSDXJGMDSKEEXLMBURGMYSZRCLJ
[C1] Processed Order -> Partition: 2 | Offset: 235 | Value: UQHSGCCRXFRNMORCDVQRBJYMAOYAERTLNNBBYIKNDXINEOEOPLKSZMWCHNIROHGJZDKRMPAZISVHPSNSCXKGTRKGUHORYSLAHCXR
[C1] Processed Order -> Partition: 2 | Offset: 236 | Value: FKERBHJYSFYILIVHRKIYSPCPZLCKWADDCIVRNXBCGJYOVNFZKIIYGHKYMZFYANCOFLZNYODDJKHJVOHBXMUWGQGFNCZJBNKBZNCP
[C1] Processed Order -> Partition: 2 | Offset: 237 | Value: BZTRKKTKOKJUMAOVMXQVBADRORWJYSAHUMABGVZOPTHMMNZTVRUYWHEGUNTOKYWMDBPXKXISDWKRFOTTWLCNFZWWVASBQHTPGMXR
