Consumer C3 joined group: group-A
[C3] Processed Order -> Partition: 1 | Offset: 0 | Value: SDXZLRIDGDGLYBPZNQGQJUXXCPQKQJBDNSBFBUSQBGFVXBQMMLBCOMGLCIWCQIKGISMRYUCTHGTZVQPKBHQUZGBIJPIYREJBGLRY
[C3] Processed Order -> Partition: 1 | Offset: 1 | Value: DOPGDVQLCYGROWZKYWMCFMDFIHBBYSCHGNTNHYZUMUAWWMXYGIZIQENBLCWXEZWFWKLWXXSNYQTNCNUYLEHGMFBXUJXJRHMGAQPG
[C3] Processed Order -> Partition: 1 | Offset: 2 | Value: ZXGRJDRBIPWHIYOLOETBQZSDQNBXHTZBGXHEAJZKBEXBTENQVMQAMBXYCHXXYFGSUFOTKKKKEUWANRLRSNKZQTQRMNOYLHISSWBU
[C3] Processed Order -> Partition: 1 | Offset: 3 | Value: WPQWHZLJOBYOJQHCTWNFZYAFZQZJCWYTIDGVBELWJUFHRKLWJTAIFANODMZSXSVSKZRRSUHVAXNQIDHBMYLPCLTUXCHHWZSTUABP
[C3] Processed Order -> Partition: 1 | Offset: 4 | Value: DBBWARORFVGWRKLGICMZZUYKSECNQCTXOXYOLICFDDBUKXMGKACINCOBRYHPAVXUSWFKEMNVANFHRVANXDKZKYRXFSEADETQSVMP
[C3] Processed Order -> Partition: 1 | Offset: 5 | Value: PCJUTXQHEALHAFWYRTFSXTHFWGBBEEUAXOOHBMDCJVCIIXTNGIZXPMGTNNRQJQEZXLBUYDKDZAYZOZOKZTWPDOAQWTXVSOMWSFKV
[C3] Processed Order -> Partition: 1 | Offset: 6 | Value: NFEBSCQHSWDEHSKCZZSAZMKTYXPBEBPVGASMXOSFCNTVCTUJQNPSSIHSSYCFMPPSLGCXEMOJTMRBQJEJZEEIEHPGATVOLWPYKMLE
[C3] Processed Order -> Partition: 1 | Offset: 7 | Value: PYWMIDRYGVYYVWFDKPSRXUVDTZWJTJIGEFILIXMTMXBUXLKEOCDPDBZENRVXJYLMBNLHQQWIQROMQJENEJYKCUKCJYHZDLKGJXLR
[C3] Processed Order -> Partition: 1 | Offset: 8 | Value: AQDCQHKRGTRLKXAQVLNFWGAJHNCQOUZPNJWMMDBSRVMGOAEDKQDECZMJEURCMRNXCXSCNJMZOAMFQZFOXPUNREOBUNGNGMIMVEEO
[C3] Processed Order -> Partition: 1 | Offset: 9 | Value: DVJJRFKWMQFKJYVEQGCRGWGUUOICEQKQLAOZGXVQNUEORTVUCGLFTNTOLYNXEREXQTIWHPDENJYAWAHVESCAHWCODKDKNJADACWC
[C3] Processed Order -> Partition: 1 | Offset: 10 | Value: HJTGCKUHPISOTXTSSHYGUBHBNAKZGIIBHONRMDNFEKHAJCOHYRWKIYQTIESPEPEGBMQRFGCDPDJNLRYCIWSMGBKSROTGOVLULBTT
[C3] Processed Order -> Partition: 1 | Offset: 11 | Value: VQCPLOETLDCSCFTUZYXPFZRWTNATOCDYCWLCRSIJIDKECGINMVEIUPJWARKLJOIPRFAOIGGESGDISKCUZHGFQKKRJJDMUJLXZSPB
[C3] Processed Order -> Partition: 1 | Offset: 12 | Value: VBRIOFSDHAOBTYMDIBWMSPNQIYIRVSVOQKZWTJNTJMTRGLIGMPSHSSZETTYTRIHDVEDPNBQIJVKWHRHFKAVMQDHNNIUUZJQKSWUB
[C3] Processed Order -> Partition: 1 | Offset: 13 | Value: ZHRBMNXETTJUFFFYUNDUODIWMLRHRUOOHVNVVEQYGTWHUNZBXJRGMTWNCUMXEWIYTZOHSEPVDPMXSHKQHUMRFRGEWHTAZHQIVMPQ
[C3] Processed Order -> Partition: 1 | Offset: 14 | Value: BPAOCJOWBGACKHOOHBRHUXVSURRCRGGHYVYNBEIOJBLNPDHSBQZAWSTNSIFJUNOLRHWAYEUADRSMBZVYDHNNNVXURBJYUIHRHYUH
[C3] Processed Order -> Partition: 1 | Offset: 15 | Value: TSQOVOSIVDZWMAHLIQAHIHPINJEPIRHQFXMUTQVGDIFIWOLCGLYMFLCTYNWOFBGHJUVYMVLDWKNXOLLLHMOTYIQVXQURALYWPGBR
[C3] Processed Order -> Partition: 1 | Offset: 16 | Value: OUZREXMKYBCTORLKOFKPXRVFMOXXLYNJSCYODLEHGUGXAKZFCOIKFQPVJSCEBBTRMEQJKVZWJENNKGZPEBLLSVKOYXMPMKIYFNOS
[C3] Processed Order -> Partition: 1 | Offset: 17 | Value: XNQGFIERPRUAVKSTGHJLMFDLJVMNWZSSYMBWJIILLRAPNGAIYAXQMYOHFTMPHYOAJPDDJQLCKWSSEEYNGDOFMSEZBOAAGVZQGFDC
[C3] Processed Order -> Partition: 1 | Offset: 18 | Value: TLFNIXRJCCNRVECWAUBUJIPPXVVYIKLEWUHJGJVNMIIYUVAFVNSUBAXRVRAPQNENWVEQWTMCONYBTENERQNUXDVWMRYGYKIADAAR
[C3] Processed Order -> Partition: 1 | Offset: 19 | Value: NOTONKHECVMPJNCVWRGEDOIUSSZKRGZOGENTPICTNRBXKAJKPHLRBAQYZMIBRTLBUGJFKVCOEDQUQUWHYZAGLQXIOIXSMIXCYXLU
[C3] Processed Order -> Partition: 1 | Offset: 20 | Value: EOMQCAYSVUDNFPDEJIFGGYROJMOHXSBDZWFTGRVAIQNJLSJPWPNWKVIPZLJRWLRXOSRCQZGRZEQQKGOJKTMALIWYWDFAJHUSXUWG
[C3] Processed Order -> Partition: 1 | Offset: 21 | Value: HMKKZNXWDPEEKGFFUPBTAYQHXDDCEHVBMHGGWKSOOAGXRCYBZNBJLIDOMOYCZZPSQCDHGVZREWZMWBXGOASSUUFJSRKXFSKCQHVF
[C3] Processed Order -> Partition: 1 | Offset: 22 | Value: IHMXOPLLZEHEFXMEUSFWVOLMFHZRCUFHNBLYAAAZXKKZXYAOGFLNADKPICEHIQNGEJPQGAJEUUEHQTIEVZLVYEGIZWEYWJZJXHLS
[C3] Processed Order -> Partition: 1 | Offset: 23 | Value: LDPUEJXMYWDDWDLFXYXVOHXABFZFGTIGJQFLABIGRHCCOVLRNFSGEHJCQKKZHPIZZWHZRMIBNCDXUFJIOASCIVSFFICQUPENWTTK
[C3] Processed Order -> Partition: 1 | Offset: 24 | Value: YVWJNTQQVZDGDYPDVJHXFULILFYXIXJVRJMQARMASLTYLQMUKDHXNODHBWPJXITPDPKBLUKEHLHLKRDSYOXZOYBKNRDMCYIOGVJD
[C3] Processed Order -> Partition: 1 | Offset: 25 | Value: LUMGLIUAJXNMJTBSNIAKTTENMGHZYGNWDSABCZNSFXIWQEKREOZQQXXKWJTVKRGLWAVAXLGFUQBOMYMNDFUJOZUIRKZSZNKMTEME
[C3] Processed Order -> Partition: 1 | Offset: 26 | Value: HPMNVZURRWXAWEEPJTVBPHOJVPTSXCNNNRUZGRAXDUJKWJQWPQQMVVYJCSADPOKHUCFIIUITJLNQNCSEIPPGJCGXRUEAUEGTPBAF
[C3] Processed Order -> Partition: 1 | Offset: 27 | Value: NNSJXRRKFSEUBYDBTIZVTAHXADONAGHMBSXTUFAIAKHIPRMJSCYDUXMWJSTGEHTNITKTSQRYIAXHSNRRWTYHIDXFYDGLOQARNOQC
[C3] Processed Order -> Partition: 1 | Offset: 28 | Value: MERSGGWHPAWZRCSPNRAEJDLLYFVRMDRMNIMHNJOGSDVFUEIIJRBPXWWCGNSSGOROACBCHFTVATCDKLKGKQGDSMVYSYOGPIQYMHXO
[C3] Processed Order -> Partition: 1 | Offset: 29 | Value: VLSTMKIWXSIILQTYJSMCMCTWOIACLUNSRSZURQMVTGHQRSJKBVNNMKDZZJBZZMUMEBJVMCXVHJQRKBTCMYZFZBDMPBLEVQFDIPSG
[C3] Processed Order -> Partition: 1 | Offset: 30 | Value: RKHVATYLGZWTBHGITQKSCTWASMUZVRXEWMRLLMUYZKXDQGKAFACKYKLKFCKPFSMHHWCPTKMFDCWIQPRUXQFAAMTDTOHUAFLOQMEZ
[C3] Processed Order -> Partition: 1 | Offset: 31 | Value: EHRJDWAYAYGTEHTDBMPTOIMGKMOEHAAAPTYMTXMQVEIXRTTSLCGTMBPSGCDXHVMYNVUEMJVLJVCUZFGFJQYFKJJDCUNSBXSUKXFQ
[C3] Processed Order -> Partition: 1 | Offset: 32 | Value: NRUQNDDVYOIVYYEQDBETPYZPGFBQJEQRTVWHTDHXHRZGPWCBUBAYMAHTMOSNGTANVJINXGHJTQERTZNKKAHVOKNJCKDKJTMVANVA
[C3] Processed Order -> Partition: 1 | Offset: 33 | Value: MKWIJKMUCICIYJAWSMZKSHKOGWCPJSHFMUSPUOWPBIKXEDTLLRVKIUUZDWZMXAMJGGLMDUFWBRBNZVEJURQBCJFVCBCIYTUKVLNE
[C3] Processed Order -> Partition: 1 | Offset: 34 | Value: WWHDSSQTCJSLRJRJTYJNRLDHQVOFMNPJRMHHGDWCOCZGSJXJCFSXLMCKPXZDYCRCEOJPVWCRRSPARYHAVJXNOJMURVXSONTYTVLM
[C3] Processed Order -> Partition: 1 | Offset: 35 | Value: QHLFZDHCNBAQUDTENIFIRWAWLDRDRISGMRCVEDHLETCRFJAIPHHGOZYIWUQZVSHUZTKWMJGZSRAUGKFIFBNOLSROTTLLFDUOCLDF
[C3] Processed Order -> Partition: 1 | Offset: 36 | Value: QQJVFPPAESFZPJPEZQKZVUENRCYPYQKGZSQJMODFQLFNTHVMNZIGROTVEJOGYKZGEJZUOWMHCDQVFPIPUABWOLQIIEYRWCBHLRSK
[C3] Processed Order -> Partition: 1 | Offset: 37 | Value: AMKFJRJNLLJYVEETIPWODUUPVGGGNKDHADTQIBWOMWTPFSWPHOMVFBIQTBNFDJPQZKAIRSLZOAYGOZRLHCPJUJJVMUTTJBGNBTDK
[C3] Processed Order -> Partition: 1 | Offset: 38 | Value: NQXEMXQZLQTSHCCOSYOUUQFBZIXGHGXFJBQKASYXESINNKTHEYQGICFRIPOLYWSBZWENECHNLHVYGUVPOCJCPCWCZOULEKDASQTH
[C3] Processed Order -> Partition: 1 | Offset: 39 | Value: MUYOLSVSPFJNGEILLXQBVADPIBPOCAPODLOOKCQHTHLEJQADLYNNXBHEFUDHRGRENPCOHBBIPJRJMTFMRLUZSOPJEPOKNEPHPRFO
[C3] Processed Order -> Partition: 1 | Offset: 40 | Value: HYNQLYXHGTECONXBVQMGPNBSTGUWXIEVNOOYXTVUTAANSQAMUCDMRRJTPVFKZJLNRHREGARBQBKQSVGSDXZAYMOMCHFSAMWFPMML
[C3] Processed Order -> Partition: 1 | Offset: 41 | Value: OKLNFNLAMOBYJUCMYDQTLPJJRKZDMKTSJHVCKTCXQZYIHXAGPHPMJFEBICZHTRBIDIZSHXWAUVXNVPFJUWRRSTCELFTJVTJKSGCY
[C3] Processed Order -> Partition: 1 | Offset: 42 | Value: QMRDFHFKERDVRZRTAEPSJYGNBOCVWIAMVIKYNTVPPZDGTLTVAJXSYPPVEBAYGDWNXQXXHSRFAEUSVZWBCBZNNXQUKQVOLLJYVXBD
[C3] Processed Order -> Partition: 1 | Offset: 43 | Value: CYPXSYZGZRJGUZJNRHFRHYOCIEAGIWLHKMBLJCRPEORIBGWKKZKRMGCFMJDAOFTEDCLRAOGMVRNZWHWMVYJIXDCLZLMVTENWYFRN
[C3] Processed Order -> Partition: 1 | Offset: 44 | Value: WQYGKVHRJSSWGORHSOKTKTJKECWJLWQAMVVKSYZAYFCGCABUGVYMIKXVCLIRXOVZZDEMFZWUFGOXDCWVDWTGSTFOEXMFEJZKEZJS
[C3] Processed Order -> Partition: 1 | Offset: 45 | Value: HHJVSCPQQCRKWDCYHJNCUMUGQQYGFVQWVDIIWHGUZSPZSVFSOYMBEUFYPWPNWCBRBJMRAATAXXWWQKTLELWJQKCJCXNZGJHYOOHS
[C3] Processed Order -> Partition: 1 | Offset: 46 | Value: OYKNGRDAURHRKLVEXESWWOFNFDBMVQOXAMMMCZIICIKNUSYGZSWHNPHCHQMBTPYSUPKHJJKWYWVFPMHYAJXXGXPKDJHSTDNJTIXW
[C3] Processed Order -> Partition: 1 | Offset: 47 | Value: ILNNJUSJPXNBZFLBHYZVYDNASEUMCUPPHGLIPRWXOOMEITXUJOJRTTEAZCTUHLCCBHLNEDHSVPPMNAKZDVUHUTELNASOTBGUSCQC
[C3] Processed Order -> Partition: 1 | Offset: 48 | Value: YABBVZXTIPPJEEYPDRYLQIAODMMCZOPJBHJTMIDKARVVQVMIDMLQQTTQJHBLXWNKOIJJEXIDPYXZLLIQEBKGVUMDMXUQRRPXESZJ
[C3] Processed Order -> Partition: 1 | Offset: 49 | Value: FGQIMJEJMSKFEJHUSCTCPDGBJDCJZHIZXOLCMAXMUWDVXSOKROENHLYVMWRGZBRZHFIACHRFWVAENXPGOPOLTLUKYCPZCBOLCMFP
[C3] Processed Order -> Partition: 1 | Offset: 50 | Value: TAZWZHWAILJJBQXGTANDHZKRTVXOPVVOUBMDMXMKCSJHPPLXNNEMVMICKEUVIRFEWZCEIXOSHCXLSQWMYSJBJITMMQVUVCHTHELP
[C3] Processed Order -> Partition: 1 | Offset: 51 | Value: QCMEZIEREOBFBQBYXMZUPKNGEYACJEOWPAUCYGNRQNXWPQMEIYPIDHGTKMPSDUNDAEGJNRWOBRWTMMSXQFGCKDBXLEBQASFVRTLB
[C3] Processed Order -> Partition: 1 | Offset: 52 | Value: PNRCZBVTHUGUUNKQUMWKDBPVZMEYSDOCILMWYZSKTZDJNMPGARMPDJBXOBHIEVNIIJMNZDOAICHSYNNNGDMTVCZNEWMGSIRBIZLU
[C3] Processed Order -> Partition: 1 | Offset: 53 | Value: PGHQQYUJQDEBKHCYHEZIDDGPAHFYEJCKKTWHPAESAVMRBHLIOXABXYEGBGBXVXAPRMXBDAYMYEDMMLSNAZZHKOTBDQBPEHCDIQAO
[C3] Processed Order -> Partition: 1 | Offset: 54 | Value: VUSQISTVWTRODXUASTKIACLPJDEANQTBSHIKHOJHGUNLUJCPEGVYTMXQXKAJWLCEXHMJYZIXWGNYJKFBQUHSONCYHCDUMDRFEWBK
[C3] Processed Order -> Partition: 1 | Offset: 55 | Value: LDXFMKMGIKCSRPMFEVHJIEYEHYUUEDJSFQJZXCXFMUTLBHZYXDKVGMBBWWBPAJXCOHPQXUPEWXVKDFARUUEJDDQMVCGGEDPHGHDE
[C3] Processed Order -> Partition: 1 | Offset: 56 | Value: VEGDLRATKAZOLDZQGMJWVHZUWEAKJSOYXSSCJXYDPCBCGEIRDUDBQCDQOKDBPTLAHCLEFIRZXKSSJPGKDVFHITIJUEICFDDZOKQJ
[C3] Processed Order -> Partition: 1 | Offset: 57 | Value: BBVDQTVISOBFIVMBZDDGYVTZLXWROVQDHVNDMAHUHYYAUWSWWBTXHJDLGGOHPUEMSRZBPHEOQNWCXGLQVQPDCNRSPVDAUVTYHCNP
[C3] Processed Order -> Partition: 1 | Offset: 58 | Value: JSTPXJEDILSMDVQYDQFAEYENYEQARUXJBQKFSHSSFBWCFEAVZTOJFWFSENTPAGNMCQRCWOCFGXVUMNQCSDHLKPCXTOHYOIYDUXOW
[C3] Processed Order -> Partition: 1 | Offset: 59 | Value: FXOQBAFGYFRQTLGSXFKMPVQQTDRMDZDMZWQWGQCIRMXJASPVGNBUJHZOOTRYACFDUUUVFDNMHYHNPRCAJLWVBFFYIXLZVCXCQFLA
[C3] Processed Order -> Partition: 1 | Offset: 60 | Value: UHPIOVCAYRMEFQIHHSWJBCPIPWNQERLDAAYDFMHHCVYWIUZFFBZELGVPAKFUWAHQEDEXADJAUZAPRAFRSPJNQFXKULCCJWLXXPGT
[C3] Processed Order -> Partition: 1 | Offset: 61 | Value: UXOYBCGGBLMOPBYXONDZXNLCNMDUJUIJBPRIECWZQVMZTSBZVGYDLUJLZEVHCTGSAVZMUPYCZRSFLTXKSVGBEODLFRVEYRSFCNHF
